Archive member included because of file (symbol)

e:/imt_school/material/after lec 10/es_concepts/imt_sdk_win_64/winavr/bin/../lib/gcc/avr/4.3.3/avr5\libgcc.a(_exit.o)
                              e:/imt_school/material/after lec 10/es_concepts/imt_sdk_win_64/winavr/bin/../lib/gcc/avr/4.3.3/../../../../avr/lib/avr5/crtm32.o (exit)
e:/imt_school/material/after lec 10/es_concepts/imt_sdk_win_64/winavr/bin/../lib/gcc/avr/4.3.3/avr5\libgcc.a(_copy_data.o)
                              ./main.o (__do_copy_data)
e:/imt_school/material/after lec 10/es_concepts/imt_sdk_win_64/winavr/bin/../lib/gcc/avr/4.3.3/avr5\libgcc.a(_clear_bss.o)
                              ./heap_1.o (__do_clear_bss)
e:/imt_school/material/after lec 10/es_concepts/imt_sdk_win_64/winavr/bin/../lib/gcc/avr/4.3.3/../../../../avr/lib/avr5\libc.a(memcpy.o)
                              ./queue.o (memcpy)

Allocating common symbols
Common symbol       size              file

xSemaphore          0x2               ./main.o

Memory Configuration

Name             Origin             Length             Attributes
text             0x00000000         0x00020000         xr
data             0x00800060         0x0000ffa0         rw !x
eeprom           0x00810000         0x00010000         rw !x
fuse             0x00820000         0x00000400         rw !x
lock             0x00830000         0x00000400         rw !x
signature        0x00840000         0x00000400         rw !x
*default*        0x00000000         0xffffffff

Linker script and memory map

LOAD e:/imt_school/material/after lec 10/es_concepts/imt_sdk_win_64/winavr/bin/../lib/gcc/avr/4.3.3/../../../../avr/lib/avr5/crtm32.o
LOAD ./DIO_program.o
LOAD ./croutine.o
LOAD ./event_groups.o
LOAD ./heap_1.o
LOAD ./list.o
LOAD ./main.o
LOAD ./port.o
LOAD ./queue.o
LOAD ./tasks.o
LOAD ./timers.o
LOAD e:/imt_school/material/after lec 10/es_concepts/imt_sdk_win_64/winavr/bin/../lib/gcc/avr/4.3.3/avr5\libgcc.a
LOAD e:/imt_school/material/after lec 10/es_concepts/imt_sdk_win_64/winavr/bin/../lib/gcc/avr/4.3.3/../../../../avr/lib/avr5\libc.a
LOAD e:/imt_school/material/after lec 10/es_concepts/imt_sdk_win_64/winavr/bin/../lib/gcc/avr/4.3.3/avr5\libgcc.a

.hash
 *(.hash)

.dynsym
 *(.dynsym)

.dynstr
 *(.dynstr)

.gnu.version
 *(.gnu.version)

.gnu.version_d
 *(.gnu.version_d)

.gnu.version_r
 *(.gnu.version_r)

.rel.init
 *(.rel.init)

.rela.init
 *(.rela.init)

.rel.text
 *(.rel.text)
 *(.rel.text.*)
 *(.rel.gnu.linkonce.t*)

.rela.text
 *(.rela.text)
 *(.rela.text.*)
 *(.rela.gnu.linkonce.t*)

.rel.fini
 *(.rel.fini)

.rela.fini
 *(.rela.fini)

.rel.rodata
 *(.rel.rodata)
 *(.rel.rodata.*)
 *(.rel.gnu.linkonce.r*)

.rela.rodata
 *(.rela.rodata)
 *(.rela.rodata.*)
 *(.rela.gnu.linkonce.r*)

.rel.data
 *(.rel.data)
 *(.rel.data.*)
 *(.rel.gnu.linkonce.d*)

.rela.data
 *(.rela.data)
 *(.rela.data.*)
 *(.rela.gnu.linkonce.d*)

.rel.ctors
 *(.rel.ctors)

.rela.ctors
 *(.rela.ctors)

.rel.dtors
 *(.rel.dtors)

.rela.dtors
 *(.rela.dtors)

.rel.got
 *(.rel.got)

.rela.got
 *(.rela.got)

.rel.bss
 *(.rel.bss)

.rela.bss
 *(.rela.bss)

.rel.plt
 *(.rel.plt)

.rela.plt
 *(.rela.plt)

.text           0x00000000     0x3da8
 *(.vectors)
 .vectors       0x00000000       0x54 e:/imt_school/material/after lec 10/es_concepts/imt_sdk_win_64/winavr/bin/../lib/gcc/avr/4.3.3/../../../../avr/lib/avr5/crtm32.o
                0x00000000                __vectors
                0x00000000                __vector_default
 *(.vectors)
 *(.progmem.gcc*)
 *(.progmem*)
                0x00000054                . = ALIGN (0x2)
                0x00000054                __trampolines_start = .
 *(.trampolines)
 .trampolines   0x00000054        0x0 linker stubs
 *(.trampolines*)
                0x00000054                __trampolines_end = .
 *(.jumptables)
 *(.jumptables*)
 *(.lowtext)
 *(.lowtext*)
                0x00000054                __ctors_start = .
 *(.ctors)
                0x00000054                __ctors_end = .
                0x00000054                __dtors_start = .
 *(.dtors)
                0x00000054                __dtors_end = .
 SORT(*)(.ctors)
 SORT(*)(.dtors)
 *(.init0)
 .init0         0x00000054        0x0 e:/imt_school/material/after lec 10/es_concepts/imt_sdk_win_64/winavr/bin/../lib/gcc/avr/4.3.3/../../../../avr/lib/avr5/crtm32.o
                0x00000054                __init
 *(.init0)
 *(.init1)
 *(.init1)
 *(.init2)
 .init2         0x00000054        0xc e:/imt_school/material/after lec 10/es_concepts/imt_sdk_win_64/winavr/bin/../lib/gcc/avr/4.3.3/../../../../avr/lib/avr5/crtm32.o
 *(.init2)
 *(.init3)
 *(.init3)
 *(.init4)
 .init4         0x00000060       0x16 e:/imt_school/material/after lec 10/es_concepts/imt_sdk_win_64/winavr/bin/../lib/gcc/avr/4.3.3/avr5\libgcc.a(_copy_data.o)
                0x00000060                __do_copy_data
 .init4         0x00000076       0x10 e:/imt_school/material/after lec 10/es_concepts/imt_sdk_win_64/winavr/bin/../lib/gcc/avr/4.3.3/avr5\libgcc.a(_clear_bss.o)
                0x00000076                __do_clear_bss
 *(.init4)
 *(.init5)
 *(.init5)
 *(.init6)
 *(.init6)
 *(.init7)
 *(.init7)
 *(.init8)
 *(.init8)
 *(.init9)
 .init9         0x00000086        0x8 e:/imt_school/material/after lec 10/es_concepts/imt_sdk_win_64/winavr/bin/../lib/gcc/avr/4.3.3/../../../../avr/lib/avr5/crtm32.o
 *(.init9)
 *(.text)
 .text          0x0000008e        0x4 e:/imt_school/material/after lec 10/es_concepts/imt_sdk_win_64/winavr/bin/../lib/gcc/avr/4.3.3/../../../../avr/lib/avr5/crtm32.o
                0x0000008e                __vector_1
                0x0000008e                __vector_12
                0x0000008e                __bad_interrupt
                0x0000008e                __vector_6
                0x0000008e                __vector_3
                0x0000008e                __vector_11
                0x0000008e                __vector_13
                0x0000008e                __vector_17
                0x0000008e                __vector_19
                0x0000008e                __vector_5
                0x0000008e                __vector_4
                0x0000008e                __vector_9
                0x0000008e                __vector_2
                0x0000008e                __vector_15
                0x0000008e                __vector_8
                0x0000008e                __vector_14
                0x0000008e                __vector_10
                0x0000008e                __vector_16
                0x0000008e                __vector_18
                0x0000008e                __vector_20
 .text          0x00000092        0x0 ./DIO_program.o
 .text          0x00000092        0x0 ./croutine.o
 .text          0x00000092        0x0 ./event_groups.o
 .text          0x00000092        0x0 ./heap_1.o
 .text          0x00000092        0x0 ./list.o
 .text          0x00000092        0x0 ./main.o
 .text          0x00000092        0x0 ./port.o
 .text          0x00000092        0x0 ./queue.o
 .text          0x00000092        0x0 ./tasks.o
 .text          0x00000092        0x0 ./timers.o
 .text          0x00000092        0x0 e:/imt_school/material/after lec 10/es_concepts/imt_sdk_win_64/winavr/bin/../lib/gcc/avr/4.3.3/avr5\libgcc.a(_exit.o)
 .text          0x00000092        0x0 e:/imt_school/material/after lec 10/es_concepts/imt_sdk_win_64/winavr/bin/../lib/gcc/avr/4.3.3/avr5\libgcc.a(_copy_data.o)
 .text          0x00000092        0x0 e:/imt_school/material/after lec 10/es_concepts/imt_sdk_win_64/winavr/bin/../lib/gcc/avr/4.3.3/avr5\libgcc.a(_clear_bss.o)
 .text          0x00000092        0x0 e:/imt_school/material/after lec 10/es_concepts/imt_sdk_win_64/winavr/bin/../lib/gcc/avr/4.3.3/../../../../avr/lib/avr5\libc.a(memcpy.o)
                0x00000092                . = ALIGN (0x2)
 *(.text.*)
 .text.DIO_SET_PIN_VALUE
                0x00000092      0x1f6 ./DIO_program.o
                0x00000092                DIO_SET_PIN_VALUE
 .text.DIO_SET_PIN_DIRECTION
                0x00000288      0x1f6 ./DIO_program.o
                0x00000288                DIO_SET_PIN_DIRECTION
 .text.DIO_GET_PIN_VALUE
                0x0000047e      0x12a ./DIO_program.o
                0x0000047e                DIO_GET_PIN_VALUE
 .text.DIO_SET_PORT_VALUE
                0x000005a8       0x96 ./DIO_program.o
                0x000005a8                DIO_SET_PORT_VALUE
 .text.DIO_SET_PORT_DIRECTION
                0x0000063e       0x96 ./DIO_program.o
                0x0000063e                DIO_SET_PORT_DIRECTION
 .text.xEventGroupCreate
                0x000006d4       0x3e ./event_groups.o
                0x000006d4                xEventGroupCreate
 .text.xEventGroupSync
                0x00000712      0x172 ./event_groups.o
                0x00000712                xEventGroupSync
 .text.xEventGroupWaitBits
                0x00000884      0x18c ./event_groups.o
                0x00000884                xEventGroupWaitBits
 .text.xEventGroupClearBits
                0x00000a10       0x6c ./event_groups.o
                0x00000a10                xEventGroupClearBits
 .text.xEventGroupGetBitsFromISR
                0x00000a7c       0x44 ./event_groups.o
                0x00000a7c                xEventGroupGetBitsFromISR
 .text.xEventGroupSetBits
                0x00000ac0      0x164 ./event_groups.o
                0x00000ac0                xEventGroupSetBits
 .text.vEventGroupDelete
                0x00000c24       0x62 ./event_groups.o
                0x00000c24                vEventGroupDelete
 .text.vEventGroupSetBitsCallback
                0x00000c86       0x3a ./event_groups.o
                0x00000c86                vEventGroupSetBitsCallback
 .text.vEventGroupClearBitsCallback
                0x00000cc0       0x3a ./event_groups.o
                0x00000cc0                vEventGroupClearBitsCallback
 .text.prvTestWaitCondition
                0x00000cfa       0x64 ./event_groups.o
 .text.pvPortMalloc
                0x00000d5e       0xac ./heap_1.o
                0x00000d5e                pvPortMalloc
 .text.vPortFree
                0x00000e0a       0x18 ./heap_1.o
                0x00000e0a                vPortFree
 .text.vPortInitialiseBlocks
                0x00000e22       0x16 ./heap_1.o
                0x00000e22                vPortInitialiseBlocks
 .text.xPortGetFreeHeapSize
                0x00000e38       0x1e ./heap_1.o
                0x00000e38                xPortGetFreeHeapSize
 .text.vListInitialise
                0x00000e56       0x54 ./list.o
                0x00000e56                vListInitialise
 .text.vListInitialiseItem
                0x00000eaa       0x20 ./list.o
                0x00000eaa                vListInitialiseItem
 .text.vListInsertEnd
                0x00000eca       0x88 ./list.o
                0x00000eca                vListInsertEnd
 .text.vListInsert
                0x00000f52       0xd8 ./list.o
                0x00000f52                vListInsert
 .text.uxListRemove
                0x0000102a       0x98 ./list.o
                0x0000102a                uxListRemove
 .text.LED_1    0x000010c2       0x56 ./main.o
                0x000010c2                LED_1
 .text.LED_2    0x00001118       0x42 ./main.o
                0x00001118                LED_2
 .text.main     0x0000115a       0x7c ./main.o
                0x0000115a                main
 .text.pxPortInitialiseStack
                0x000011d6      0x306 ./port.o
                0x000011d6                pxPortInitialiseStack
 .text.xPortStartScheduler
                0x000014dc       0x6a ./port.o
                0x000014dc                xPortStartScheduler
 .text.vPortEndScheduler
                0x00001546        0xe ./port.o
                0x00001546                vPortEndScheduler
 .text.vPortYield
                0x00001554       0xb2 ./port.o
                0x00001554                vPortYield
 .text.vPortYieldFromTick
                0x00001606       0xba ./port.o
                0x00001606                vPortYieldFromTick
 .text.prvSetupTimerInterrupt
                0x000016c0       0xb8 ./port.o
 .text.__vector_7
                0x00001778        0x6 ./port.o
                0x00001778                __vector_7
 .text.xQueueGenericReset
                0x0000177e      0x10c ./queue.o
                0x0000177e                xQueueGenericReset
 .text.xQueueGenericCreate
                0x0000188a       0xa2 ./queue.o
                0x0000188a                xQueueGenericCreate
 .text.prvInitialiseNewQueue
                0x0000192c       0x76 ./queue.o
 .text.xQueueGenericSend
                0x000019a2      0x158 ./queue.o
                0x000019a2                xQueueGenericSend
 .text.xQueueGenericSendFromISR
                0x00001afa       0xb0 ./queue.o
                0x00001afa                xQueueGenericSendFromISR
 .text.xQueueGiveFromISR
                0x00001baa       0xa2 ./queue.o
                0x00001baa                xQueueGiveFromISR
 .text.xQueueReceive
                0x00001c4c      0x156 ./queue.o
                0x00001c4c                xQueueReceive
 .text.xQueueSemaphoreTake
                0x00001da2      0x144 ./queue.o
                0x00001da2                xQueueSemaphoreTake
 .text.xQueuePeek
                0x00001ee6      0x164 ./queue.o
                0x00001ee6                xQueuePeek
 .text.xQueueReceiveFromISR
                0x0000204a       0xae ./queue.o
                0x0000204a                xQueueReceiveFromISR
 .text.xQueuePeekFromISR
                0x000020f8       0x72 ./queue.o
                0x000020f8                xQueuePeekFromISR
 .text.uxQueueMessagesWaiting
                0x0000216a       0x30 ./queue.o
                0x0000216a                uxQueueMessagesWaiting
 .text.uxQueueSpacesAvailable
                0x0000219a       0x4a ./queue.o
                0x0000219a                uxQueueSpacesAvailable
 .text.uxQueueMessagesWaitingFromISR
                0x000021e4       0x34 ./queue.o
                0x000021e4                uxQueueMessagesWaitingFromISR
 .text.vQueueDelete
                0x00002218       0x2e ./queue.o
                0x00002218                vQueueDelete
 .text.prvCopyDataToQueue
                0x00002246      0x14c ./queue.o
 .text.prvCopyDataFromQueue
                0x00002392       0x8e ./queue.o
 .text.prvUnlockQueue
                0x00002420       0xa6 ./queue.o
 .text.prvIsQueueEmpty
                0x000024c6       0x3a ./queue.o
 .text.xQueueIsQueueEmptyFromISR
                0x00002500       0x3e ./queue.o
                0x00002500                xQueueIsQueueEmptyFromISR
 .text.prvIsQueueFull
                0x0000253e       0x40 ./queue.o
 .text.xQueueIsQueueFullFromISR
                0x0000257e       0x44 ./queue.o
                0x0000257e                xQueueIsQueueFullFromISR
 .text.xTaskCreate
                0x000025c2       0xf0 ./tasks.o
                0x000025c2                xTaskCreate
 .text.prvInitialiseNewTask
                0x000026b2      0x178 ./tasks.o
 .text.prvAddNewTaskToReadyList
                0x0000282a       0xf0 ./tasks.o
 .text.vTaskDelete
                0x0000291a       0xe4 ./tasks.o
                0x0000291a                vTaskDelete
 .text.vTaskDelayUntil
                0x000029fe       0xe4 ./tasks.o
                0x000029fe                vTaskDelayUntil
 .text.vTaskDelay
                0x00002ae2       0x44 ./tasks.o
                0x00002ae2                vTaskDelay
 .text.vTaskStartScheduler
                0x00002b26       0x64 ./tasks.o
                0x00002b26                vTaskStartScheduler
 .text.vTaskEndScheduler
                0x00002b8a       0x18 ./tasks.o
                0x00002b8a                vTaskEndScheduler
 .text.vTaskSuspendAll
                0x00002ba2       0x18 ./tasks.o
                0x00002ba2                vTaskSuspendAll
 .text.xTaskResumeAll
                0x00002bba      0x126 ./tasks.o
                0x00002bba                xTaskResumeAll
 .text.xTaskGetTickCount
                0x00002ce0       0x2e ./tasks.o
                0x00002ce0                xTaskGetTickCount
 .text.xTaskGetTickCountFromISR
                0x00002d0e       0x2a ./tasks.o
                0x00002d0e                xTaskGetTickCountFromISR
 .text.uxTaskGetNumberOfTasks
                0x00002d38       0x12 ./tasks.o
                0x00002d38                uxTaskGetNumberOfTasks
 .text.pcTaskGetName
                0x00002d4a       0x50 ./tasks.o
                0x00002d4a                pcTaskGetName
 .text.xTaskIncrementTick
                0x00002d9a      0x1ca ./tasks.o
                0x00002d9a                xTaskIncrementTick
 .text.vTaskSwitchContext
                0x00002f64       0xda ./tasks.o
                0x00002f64                vTaskSwitchContext
 .text.vTaskPlaceOnEventList
                0x0000303e       0x44 ./tasks.o
                0x0000303e                vTaskPlaceOnEventList
 .text.vTaskPlaceOnUnorderedEventList
                0x00003082       0x60 ./tasks.o
                0x00003082                vTaskPlaceOnUnorderedEventList
 .text.xTaskRemoveFromEventList
                0x000030e2       0xd6 ./tasks.o
                0x000030e2                xTaskRemoveFromEventList
 .text.vTaskRemoveFromUnorderedEventList
                0x000031b8       0xba ./tasks.o
                0x000031b8                vTaskRemoveFromUnorderedEventList
 .text.vTaskSetTimeOutState
                0x00003272       0x3c ./tasks.o
                0x00003272                vTaskSetTimeOutState
 .text.vTaskInternalSetTimeOutState
                0x000032ae       0x32 ./tasks.o
                0x000032ae                vTaskInternalSetTimeOutState
 .text.xTaskCheckForTimeOut
                0x000032e0       0xc6 ./tasks.o
                0x000032e0                xTaskCheckForTimeOut
 .text.vTaskMissedYield
                0x000033a6       0x14 ./tasks.o
                0x000033a6                vTaskMissedYield
 .text.prvIdleTask
                0x000033ba       0x14 ./tasks.o
 .text.prvInitialiseTaskLists
                0x000033ce       0x7a ./tasks.o
 .text.prvCheckTasksWaitingTermination
                0x00003448       0x5e ./tasks.o
 .text.prvDeleteTCB
                0x000034a6       0x2c ./tasks.o
 .text.prvResetNextTaskUnblockTime
                0x000034d2       0x56 ./tasks.o
 .text.uxTaskResetEventItemValue
                0x00003528       0x4e ./tasks.o
                0x00003528                uxTaskResetEventItemValue
 .text.ulTaskNotifyTake
                0x00003576       0xee ./tasks.o
                0x00003576                ulTaskNotifyTake
 .text.xTaskNotifyWait
                0x00003664      0x138 ./tasks.o
                0x00003664                xTaskNotifyWait
 .text.xTaskGenericNotify
                0x0000379c      0x1ba ./tasks.o
                0x0000379c                xTaskGenericNotify
 .text.xTaskGenericNotifyFromISR
                0x00003956      0x1f0 ./tasks.o
                0x00003956                xTaskGenericNotifyFromISR
 .text.vTaskNotifyGiveFromISR
                0x00003b46      0x10c ./tasks.o
                0x00003b46                vTaskNotifyGiveFromISR
 .text.xTaskNotifyStateClear
                0x00003c52       0x74 ./tasks.o
                0x00003c52                xTaskNotifyStateClear
 .text.prvAddCurrentTaskToDelayedList
                0x00003cc6       0xcc ./tasks.o
 .text.libgcc   0x00003d92        0x0 e:/imt_school/material/after lec 10/es_concepts/imt_sdk_win_64/winavr/bin/../lib/gcc/avr/4.3.3/avr5\libgcc.a(_exit.o)
 .text.libgcc   0x00003d92        0x0 e:/imt_school/material/after lec 10/es_concepts/imt_sdk_win_64/winavr/bin/../lib/gcc/avr/4.3.3/avr5\libgcc.a(_copy_data.o)
 .text.libgcc   0x00003d92        0x0 e:/imt_school/material/after lec 10/es_concepts/imt_sdk_win_64/winavr/bin/../lib/gcc/avr/4.3.3/avr5\libgcc.a(_clear_bss.o)
 .text.avr-libc
                0x00003d92       0x12 e:/imt_school/material/after lec 10/es_concepts/imt_sdk_win_64/winavr/bin/../lib/gcc/avr/4.3.3/../../../../avr/lib/avr5\libc.a(memcpy.o)
                0x00003d92                memcpy
                0x00003da4                . = ALIGN (0x2)
 *(.fini9)
 .fini9         0x00003da4        0x0 e:/imt_school/material/after lec 10/es_concepts/imt_sdk_win_64/winavr/bin/../lib/gcc/avr/4.3.3/avr5\libgcc.a(_exit.o)
                0x00003da4                exit
                0x00003da4                _exit
 *(.fini9)
 *(.fini8)
 *(.fini8)
 *(.fini7)
 *(.fini7)
 *(.fini6)
 *(.fini6)
 *(.fini5)
 *(.fini5)
 *(.fini4)
 *(.fini4)
 *(.fini3)
 *(.fini3)
 *(.fini2)
 *(.fini2)
 *(.fini1)
 *(.fini1)
 *(.fini0)
 .fini0         0x00003da4        0x4 e:/imt_school/material/after lec 10/es_concepts/imt_sdk_win_64/winavr/bin/../lib/gcc/avr/4.3.3/avr5\libgcc.a(_exit.o)
 *(.fini0)
                0x00003da8                _etext = .

.data           0x00800060       0x14 load address 0x00003da8
                0x00800060                PROVIDE (__data_start, .)
 *(.data)
 .data          0x00800060        0x0 e:/imt_school/material/after lec 10/es_concepts/imt_sdk_win_64/winavr/bin/../lib/gcc/avr/4.3.3/../../../../avr/lib/avr5/crtm32.o
 .data          0x00800060        0x0 ./DIO_program.o
 .data          0x00800060        0x0 ./croutine.o
 .data          0x00800060        0x0 ./event_groups.o
 .data          0x00800060        0x0 ./heap_1.o
 .data          0x00800060        0x0 ./list.o
 .data          0x00800060        0xe ./main.o
 .data          0x0080006e        0x0 ./port.o
 .data          0x0080006e        0x0 ./queue.o
 .data          0x0080006e        0x5 ./tasks.o
 .data          0x00800073        0x0 ./timers.o
 .data          0x00800073        0x0 e:/imt_school/material/after lec 10/es_concepts/imt_sdk_win_64/winavr/bin/../lib/gcc/avr/4.3.3/avr5\libgcc.a(_exit.o)
 .data          0x00800073        0x0 e:/imt_school/material/after lec 10/es_concepts/imt_sdk_win_64/winavr/bin/../lib/gcc/avr/4.3.3/avr5\libgcc.a(_copy_data.o)
 .data          0x00800073        0x0 e:/imt_school/material/after lec 10/es_concepts/imt_sdk_win_64/winavr/bin/../lib/gcc/avr/4.3.3/avr5\libgcc.a(_clear_bss.o)
 .data          0x00800073        0x0 e:/imt_school/material/after lec 10/es_concepts/imt_sdk_win_64/winavr/bin/../lib/gcc/avr/4.3.3/../../../../avr/lib/avr5\libc.a(memcpy.o)
 *(.data*)
 *(.rodata)
 *(.rodata*)
 *(.gnu.linkonce.d*)
                0x00800074                . = ALIGN (0x2)
 *fill*         0x00800073        0x1 00
                0x00800074                _edata = .
                0x00800074                PROVIDE (__data_end, .)

.bss            0x00800074      0x2bc
                0x00800074                PROVIDE (__bss_start, .)
 *(.bss)
 .bss           0x00800074        0x0 e:/imt_school/material/after lec 10/es_concepts/imt_sdk_win_64/winavr/bin/../lib/gcc/avr/4.3.3/../../../../avr/lib/avr5/crtm32.o
 .bss           0x00800074        0x0 ./DIO_program.o
 .bss           0x00800074        0x0 ./croutine.o
 .bss           0x00800074        0x0 ./event_groups.o
 .bss           0x00800074        0x0 ./heap_1.o
 .bss           0x00800074        0x0 ./list.o
 .bss           0x00800074        0x0 ./main.o
 .bss           0x00800074        0x0 ./port.o
 .bss           0x00800074        0x0 ./queue.o
 .bss           0x00800074        0x0 ./tasks.o
 .bss           0x00800074        0x0 ./timers.o
 .bss           0x00800074        0x0 e:/imt_school/material/after lec 10/es_concepts/imt_sdk_win_64/winavr/bin/../lib/gcc/avr/4.3.3/avr5\libgcc.a(_exit.o)
 .bss           0x00800074        0x0 e:/imt_school/material/after lec 10/es_concepts/imt_sdk_win_64/winavr/bin/../lib/gcc/avr/4.3.3/avr5\libgcc.a(_copy_data.o)
 .bss           0x00800074        0x0 e:/imt_school/material/after lec 10/es_concepts/imt_sdk_win_64/winavr/bin/../lib/gcc/avr/4.3.3/avr5\libgcc.a(_clear_bss.o)
 .bss           0x00800074        0x0 e:/imt_school/material/after lec 10/es_concepts/imt_sdk_win_64/winavr/bin/../lib/gcc/avr/4.3.3/../../../../avr/lib/avr5\libc.a(memcpy.o)
 *(.bss*)
 .bss.xNextFreeByte
                0x00800074        0x2 ./heap_1.o
 .bss.pucAlignedHeap.1645
                0x00800076        0x2 ./heap_1.o
 .bss.ucHeap    0x00800078      0x258 ./heap_1.o
 .bss.state_2.1692
                0x008002d0        0x1 ./main.o
 .bss.pxCurrentTCB
                0x008002d1        0x2 ./tasks.o
                0x008002d1                pxCurrentTCB
 .bss.uxDeletedTasksWaitingCleanUp
                0x008002d3        0x1 ./tasks.o
 .bss.uxCurrentNumberOfTasks
                0x008002d4        0x1 ./tasks.o
 .bss.xTickCount
                0x008002d5        0x2 ./tasks.o
 .bss.uxTopReadyPriority
                0x008002d7        0x1 ./tasks.o
 .bss.xSchedulerRunning
                0x008002d8        0x1 ./tasks.o
 .bss.uxPendedTicks
                0x008002d9        0x1 ./tasks.o
 .bss.xYieldPending
                0x008002da        0x1 ./tasks.o
 .bss.xNumOfOverflows
                0x008002db        0x1 ./tasks.o
 .bss.uxTaskNumber
                0x008002dc        0x1 ./tasks.o
 .bss.xNextTaskUnblockTime
                0x008002dd        0x2 ./tasks.o
 .bss.xIdleTaskHandle
                0x008002df        0x2 ./tasks.o
 .bss.uxSchedulerSuspended
                0x008002e1        0x1 ./tasks.o
 .bss.pxReadyTasksLists
                0x008002e2       0x24 ./tasks.o
 .bss.xDelayedTaskList1
                0x00800306        0x9 ./tasks.o
 .bss.xDelayedTaskList2
                0x0080030f        0x9 ./tasks.o
 .bss.pxDelayedTaskList
                0x00800318        0x2 ./tasks.o
 .bss.pxOverflowDelayedTaskList
                0x0080031a        0x2 ./tasks.o
 .bss.xPendingReadyList
                0x0080031c        0x9 ./tasks.o
 .bss.xTasksWaitingTermination
                0x00800325        0x9 ./tasks.o
 *(COMMON)
 COMMON         0x0080032e        0x2 ./main.o
                0x0080032e                xSemaphore
                0x00800330                PROVIDE (__bss_end, .)
                0x00003da8                __data_load_start = LOADADDR (.data)
                0x00003dbc                __data_load_end = (__data_load_start + SIZEOF (.data))

.noinit         0x00800330        0x0
                0x00800330                PROVIDE (__noinit_start, .)
 *(.noinit*)
                0x00800330                PROVIDE (__noinit_end, .)
                0x00800330                _end = .
                0x00800330                PROVIDE (__heap_start, .)

.eeprom         0x00810000        0x0
 *(.eeprom*)
                0x00810000                __eeprom_end = .

.fuse
 *(.fuse)
 *(.lfuse)
 *(.hfuse)
 *(.efuse)

.lock
 *(.lock*)

.signature
 *(.signature*)

.stab           0x00000000     0x690c
 *(.stab)
 .stab          0x00000000      0x5f4 ./DIO_program.o
 .stab          0x000005f4      0x624 ./croutine.o
                                0x630 (size before relaxing)
 .stab          0x00000c18      0xde0 ./event_groups.o
                               0x111c (size before relaxing)
 .stab          0x000019f8      0x30c ./heap_1.o
                                0x7bc (size before relaxing)
 .stab          0x00001d04      0x474 ./list.o
                                0x858 (size before relaxing)
 .stab          0x00002178      0x354 ./main.o
                                0x834 (size before relaxing)
 .stab          0x000024cc      0x840 ./port.o
                                0xce4 (size before relaxing)
 .stab          0x00002d0c     0x1a58 ./queue.o
                               0x1f38 (size before relaxing)
 .stab          0x00004764     0x2004 ./tasks.o
                               0x24e4 (size before relaxing)
 .stab          0x00006768      0x1a4 ./timers.o
                                0x6b4 (size before relaxing)

.stabstr        0x00000000     0x3e21
 *(.stabstr)
 .stabstr       0x00000000     0x3e21 ./DIO_program.o

.stab.excl
 *(.stab.excl)

.stab.exclstr
 *(.stab.exclstr)

.stab.index
 *(.stab.index)

.stab.indexstr
 *(.stab.indexstr)

.comment
 *(.comment)

.debug
 *(.debug)

.line
 *(.line)

.debug_srcinfo
 *(.debug_srcinfo)

.debug_sfnames
 *(.debug_sfnames)

.debug_aranges
 *(.debug_aranges)

.debug_pubnames
 *(.debug_pubnames)

.debug_info
 *(.debug_info)
 *(.gnu.linkonce.wi.*)

.debug_abbrev
 *(.debug_abbrev)

.debug_line
 *(.debug_line)

.debug_frame
 *(.debug_frame)

.debug_str
 *(.debug_str)

.debug_loc
 *(.debug_loc)

.debug_macinfo
 *(.debug_macinfo)
OUTPUT(free_rtos_lab2.elf elf32-avr)
LOAD linker stubs
